// Jest Snapshot v1, https://goo.gl/fbAQLP

exports[`Desktop matches snapshot correctly 1`] = `
<Draggable
  allowAnyClick={false}
  axis="both"
  bounds={false}
  cancel={null}
  defaultClassName="react-draggable"
  defaultClassNameDragged="react-draggable-dragged"
  defaultClassNameDragging="react-draggable-dragging"
  defaultPosition={
    Object {
      "x": 0,
      "y": 0,
    }
  }
  disabled={false}
  enableUserSelectHack={true}
  grid={null}
  handle=".handle"
  offsetParent={null}
  onDrag={[Function]}
  onMouseDown={[Function]}
  onStart={[Function]}
  onStop={[Function]}
  position={null}
  transform={null}
>
  <styled.div
    className="desktop-icon handle"
    onDoubleClick={[Function]}
  >
    <img
      alt="logo"
      draggable="false"
      height="42"
      src=""
      width="42"
    />
    <styled.div>
      <span
        className="app-name"
      />
    </styled.div>
  </styled.div>
</Draggable>
`;
